// Jest Snapshot v1, https://goo.gl/fbAQLP

exports[`Screen test Snapshot  1`] = `undefined`;

exports[`Screen test Snapshot  2`] = `undefined`;

exports[`Screen test Snapshot  3`] = `undefined`;

exports[`Screen test Snapshot  4`] = `undefined`;

exports[`Screen test set loading as false  1`] = `undefined`;

exports[`Screen test set loading as false  2`] = `undefined`;

exports[`Screen test set loading as false  3`] = `undefined`;

exports[`Screen test set loading as false  4`] = `undefined`;
