// Jest Snapshot v1, https://goo.gl/fbAQLP

exports[`Screen test Snapshot with loading as false  1`] = `undefined`;

exports[`Screen test Snapshot with loading as false  2`] = `undefined`;

exports[`Screen test Snapshot with loading as false  3`] = `undefined`;

exports[`Screen test Snapshot with loading as false  4`] = `undefined`;

exports[`Screen test Snapshot with loading as false  5`] = `undefined`;

exports[`Screen test Snapshot with loading as true  1`] = `undefined`;

exports[`Screen test Snapshot with loading as true  2`] = `undefined`;

exports[`Screen test Snapshot with loading as true  3`] = `undefined`;

exports[`Screen test Snapshot with loading as true  4`] = `undefined`;

exports[`Screen test Snapshot with loading as true  5`] = `undefined`;
